// Jest Snapshot v1, https://goo.gl/fbAQLP

exports[`Componente Layout Valida se o componente layout esta renderizando 1`] = `
CSSStyleDeclaration {
  "0": "display",
  "1": "margin",
  "2": "visibility",
  "_importants": Object {
    "display": "",
    "margin": "",
    "visibility": undefined,
  },
  "_length": 3,
  "_onChange": [Function],
  "_values": Object {
    "display": "block",
    "margin": "0px 20px",
    "margin-bottom": "0px",
    "margin-left": "20px",
    "margin-right": "20px",
    "margin-top": "0px",
    "visibility": "visible",
  },
}
`;

exports[`Componente Layout Valida se o componente layout esta renderizando 2`] = `
<div>
  <div
    class="sc-bdfBwQ fmsyoN"
  >
    layouts
  </div>
</div>
`;
